<html>
<body>
<pre>
<h1>µVision Build Log</h1>
<h2>Tool Versions:</h2>
IDE-Version: µVision V5.38.0.0
Copyright (C) 2022 ARM Ltd and ARM Germany GmbH. All rights reserved.
License Information: Emily Daitch, N/A, LIC=----
 
Tool Versions:
Toolchain:       MDK-Lite  Version: 5.38.0.0
Toolchain Path:  C:\Keil_v5\ARM\ARMCLANG\Bin
C Compiler:      ArmClang.exe V6.19
Assembler:       Armasm.exe V6.19
Linker/Locator:  ArmLink.exe V6.19
Library Manager: ArmAr.exe V6.19
Hex Converter:   FromElf.exe V6.19
CPU DLL:         SARMCM3.DLL V5.38.0.0
Dialog DLL:      DCM.DLL V1.17.5.0
Target DLL:      UL2CM3.DLL V1.164.8.0
Dialog DLL:      TCM.DLL V1.56.4.0
 
<h2>Project:</h2>
C:\Users\emily\Documents\Code\cmsis\Boards\ST\NUCLEO-F103RB\RTX_Blinky\demo.uvprojx
Project File Date:  05/19/2023

<h2>Output:</h2>
*** Using Compiler 'V6.19', folder: 'C:\Keil_v5\ARM\ARMCLANG\Bin'
Build target 'Target 1'
main.c(5): warning: // comments are not allowed in this language [-Wcomment]
#define osObjectsPublic                     // define objects in main module
                                            ^
main.c(6): warning: In file included from...
./osObjects.h(20): warning: In file included from...
C:/Users/emily/AppData/Local/Arm/Packs/ARM/CMSIS/5.9.0/CMSIS/RTOS/RTX/INC\cmsis_os.h(48): warning: // comments are not allowed in this language [-Wcomment]
#define osCMSIS           0x10002U     ///< CMSIS-RTOS API version (main [31:16] .sub [15:0])
                                       ^
2 warnings generated.
compiling main.c...
Thread.c(2): warning: // comments are not allowed in this language [-Wcomment]
#include "cmsis_os.h"                                           // CMSIS RTOS header file
                                                                ^
Thread.c(2): warning: In file included from...
C:/Users/emily/AppData/Local/Arm/Packs/ARM/CMSIS/5.9.0/CMSIS/RTOS/RTX/INC\cmsis_os.h(48): warning: // comments are not allowed in this language [-Wcomment]
#define osCMSIS           0x10002U     ///< CMSIS-RTOS API version (main [31:16] .sub [15:0])
                                       ^
Thread.c(10): warning: no previous extern declaration for non-static variable 'os_thread_def_Thread' [-Wmissing-variable-declarations]
osThreadDef (Thread, osPriorityNormal, 1, 0);                   // thread object
^
C:/Users/emily/AppData/Local/Arm/Packs/ARM/CMSIS/5.9.0/CMSIS/RTOS/RTX/INC\cmsis_os.h(277): note: expanded from macro 'osThreadDef'
const osThreadDef_t os_thread_def_##name = \
                    ^
<scratch space>(2): note: expanded from here
os_thread_def_Thread
^
Thread.c(10): note: declare 'static' if the variable is not intended to be used outside of this translation unit
C:/Users/emily/AppData/Local/Arm/Packs/ARM/CMSIS/5.9.0/CMSIS/RTOS/RTX/INC\cmsis_os.h(277): note: expanded from macro 'osThreadDef'
const osThreadDef_t os_thread_def_##name = \
      ^
Thread.c(12): warning: no previous prototype for function 'Init_Thread' [-Wmissing-prototypes]
int Init_Thread (void) {
    ^
Thread.c(12): note: declare 'static' if the function is not intended to be used outside of this translation unit
int Init_Thread (void) {
^
static 
Thread.c(23): warning: empty expression statement has no effect; remove unnecessary ';' to silence this warning [-Wextra-semi-stmt]
    ; // Insert thread code here...
    ^~
Thread.c(20): warning: unused parameter 'argument' [-Wunused-parameter]
void Thread (void const *argument) {
                         ^
Thread.c(20): warning: function 'Thread' could be declared with attribute 'noreturn' [-Wmissing-noreturn]
void Thread (void const *argument) {
                                   ^
Thread.c(9): warning: no previous extern declaration for non-static variable 'tid_Thread' [-Wmissing-variable-declarations]
osThreadId tid_Thread;                                          // thread id
           ^
Thread.c(9): note: declare 'static' if the variable is not intended to be used outside of this translation unit
osThreadId tid_Thread;                                          // thread id
^
8 warnings generated.
compiling Thread.c...
assembling startup_stm32f10x_md.s...
RTE/CMSIS/RTX_Conf_CM.c(26): warning: In file included from...
C:/Users/emily/AppData/Local/Arm/Packs/ARM/CMSIS/5.9.0/CMSIS/RTOS/RTX/INC\cmsis_os.h(48): warning: // comments are not allowed in this language [-Wcomment]
#define osCMSIS           0x10002U     ///< CMSIS-RTOS API version (main [31:16] .sub [15:0])
                                       ^
RTE/CMSIS/RTX_Conf_CM.c(33): warning: // comments are not allowed in this language [-Wcomment]
//-------- <<< Use Configuration Wizard in Context Menu >>> -----------------
^
RTE/CMSIS/RTX_Conf_CM.c(300): warning: In file included from...
C:/Users/emily/AppData/Local/Arm/Packs/ARM/CMSIS/5.9.0/CMSIS/RTOS/RTX/INC\RTX_CM_lib.h(404): warning: cast from 'int (*)(void)' to 'os_pthread' (aka 'void (*)(const void *)') converts to incompatible function type [-Wcast-function-type]
const osThreadDef_t os_thread_def_main = {(os_pthread)main, osPriorityNormal, 1U, 4*OS_MAINSTKSIZE };
                                          ^~~~~~~~~~~~~~~~
3 warnings generated.
compiling RTX_Conf_CM.c...
RTE/Device/STM32F103RB/system_stm32f10x.c(65): warning: In file included from...
C:/Users/emily/AppData/Local/Arm/Packs/Keil/STM32F1xx_DFP/2.4.1/Device/Include\stm32f10x.h(18): warning: invalid UTF-8 in comment [-Winvalid-utf8]
  *              - To use or not the peripheral<92>s drivers in application code(i.e. 
                                               ^
C:/Users/emily/AppData/Local/Arm/Packs/Keil/STM32F1xx_DFP/2.4.1/Device/Include\stm32f10x.h(19): warning: invalid UTF-8 in comment [-Winvalid-utf8]
  *                code will be based on direct access to peripheral<92>s registers 
                                                                    ^
C:/Users/emily/AppData/Local/Arm/Packs/Keil/STM32F1xx_DFP/2.4.1/Device/Include\stm32f10x.h(26): warning: invalid UTF-8 in comment [-Winvalid-utf8]
  *           - Macros to access peripheral<92>s registers hardware
                                           ^
RTE/Device/STM32F103RB/system_stm32f10x.c(167): warning: no previous extern declaration for non-static variable 'AHBPrescTable' [-Wmissing-variable-declarations]
__I uint8_t AHBPrescTable[16] = {0, 0, 0, 0, 0, 0, 0, 0, 1, 2, 3, 4, 6, 7, 8, 9};
            ^
RTE/Device/STM32F103RB/system_stm32f10x.c(167): note: declare 'static' if the variable is not intended to be used outside of this translation unit
__I uint8_t AHBPrescTable[16] = {0, 0, 0, 0, 0, 0, 0, 0, 1, 2, 3, 4, 6, 7, 8, 9};
    ^
4 warnings generated.
compiling system_stm32f10x.c...
linking...
Program Size: Code=6272 RO-data=368 RW-data=44 ZI-data=2944  
".\Objects\demo.axf" - 0 Error(s), 17 Warning(s).

<h2>Software Packages used:</h2>

Package Vendor: ARM
                http://www.keil.com/pack/ARM.CMSIS.5.9.0.pack
                ARM.CMSIS.5.9.0
                CMSIS (Common Microcontroller Software Interface Standard)
   * Component: RTOS Version: 1.0.0
   * Component: CORE Version: 5.6.0
   * Component: Keil RTX Version: 4.82.0

Package Vendor: Keil
                https://www.keil.com/pack/Keil.STM32F1xx_DFP.2.4.1.pack
                Keil.STM32F1xx_DFP.2.4.1
                STMicroelectronics STM32F1 Series Device Support, Drivers and Examples
   * Component: Startup Version: 1.0.0

<h2>Collection of Component include folders:</h2>
  ./RTE/Device/STM32F103RB
  ./RTE/_Target_1
  C:/Users/emily/AppData/Local/Arm/Packs/ARM/CMSIS/5.9.0/CMSIS/Core/Include
  C:/Users/emily/AppData/Local/Arm/Packs/ARM/CMSIS/5.9.0/CMSIS/RTOS/RTX/INC
  C:/Users/emily/AppData/Local/Arm/Packs/Keil/STM32F1xx_DFP/2.4.1/Device/Include

<h2>Collection of Component Files used:</h2>

   * Component: ::CMSIS:RTOS:1.0.0 (API)

   * Component: ARM::CMSIS:CORE:5.6.0

   * Component: ARM::CMSIS:RTOS:Keil RTX:4.82.0
      Source file:   CMSIS/RTOS/RTX/Templates/RTX_Conf_CM.c
      Include file:  CMSIS/RTOS/RTX/UserCodeTemplates/osObjects.h
      Source file:   CMSIS/RTOS/RTX/UserCodeTemplates/MemPool.c
      Source file:   CMSIS/RTOS/RTX/UserCodeTemplates/MsgQueue.c
      Source file:   CMSIS/RTOS/RTX/UserCodeTemplates/Mutex.c
      Source file:   CMSIS/RTOS/RTX/SRC/ARM/SVC_Table.s
      Include file:  CMSIS/RTOS/RTX/INC/cmsis_os.h
      Source file:   CMSIS/RTOS/RTX/UserCodeTemplates/main.c
      Source file:   CMSIS/RTOS/RTX/UserCodeTemplates/Thread.c
      Source file:   CMSIS/RTOS/RTX/UserCodeTemplates/MailQueue.c
      Source file:   CMSIS/RTOS/RTX/UserCodeTemplates/Semaphore.c
      Library file:  CMSIS/RTOS/RTX/LIB/ARM/RTX_CM3.lib
      Source file:   CMSIS/RTOS/RTX/UserCodeTemplates/Timer.c

   * Component: Keil::Device:Startup:1.0.0
      Source file:   Device/Source/ARM/STM32F1xx_OPT.s
      Source file:   Device/Source/ARM/startup_stm32f10x_md.s
      Source file:   Device/Source/system_stm32f10x.c
      Include file:  RTE_Driver/Config/RTE_Device.h
Build Time Elapsed:  00:00:05
</pre>
</body>
</html>
